// Jest Snapshot v1, https://goo.gl/fbAQLP

exports[`Input Renders Input 1`] = `ReactWrapper {}`;
